LineBreakpoint created at test.kt:5
Run Java
Connected to the target VM
test.kt:5
common.kt:5
common.kt:10
common.kt:12
Compile bytecode for c.local
Disconnected from the target VM

Process finished with exit code 0
