LineBreakpoint created at jvm.kt:15
Run Java
Connected to the target VM
jvm.kt:15
Compile bytecode for c.local
Disconnected from the target VM

Process finished with exit code 0
